// Jest Snapshot v1, https://goo.gl/fbAQLP

exports[`<Masthead /> should render and match the snapshot 1`] = `
<Masthead__Wrapper>
  <Logos />
  <Title>
    Custom Boilerplate App
  </Title>
  <Lead>
    Remove this most likley and start developing
  </Lead>
</Masthead__Wrapper>
`;
