// Jest Snapshot v1, https://goo.gl/fbAQLP

exports[`<App /> should render and match the snapshot 1`] = `
<div
  style={
    Object {
      "display": "flex",
      "flexDirection": "column",
      "minHeight": "100vh",
    }
  }
>
  <BrowserRouter>
    <Helmet
      defaultTitle="Loominance Application"
      defer={true}
      encodeSpecialCharacters={true}
      htmlAttributes={
        Object {
          "lang": "en-US",
        }
      }
      prioritizeSeoTags={false}
      titleTemplate="Loominance App"
    >
      <meta
        content="Foundation app"
        name="description"
      />
    </Helmet>
    <Routes>
      <Route
        element={<Unknown />}
        path="/sign-in"
      />
      <Route
        element={<Unknown />}
        path="/"
      />
      <Route
        element={<Unknown />}
        path="*"
      />
    </Routes>
    <Memo(l) />
  </BrowserRouter>
</div>
`;
